// Jest Snapshot v1, https://goo.gl/fbAQLP

exports[`Squid should instance Squid as expected 1`] = `
Squid {
  "axiosInstance": Object {
    "get": [MockFunction],
  },
  "chains": Array [],
  "config": Object {
    "baseUrl": "https://testnet.api.0xsquid.com/",
  },
  "initialized": false,
  "tokens": Array [],
}
`;
